// Jest Snapshot v1, https://goo.gl/fbAQLP

exports[`InfiniteScrollOnBottom renders .infinite-scroll-component 1`] = `
<body>
  <div>
    <div>
      test
    </div>
  </div>
</body>
`;
